<html>
<body>
<pre>
<h1>礦ision Build Log</h1>
<h2>Tool Versions:</h2>
IDE-Version: μVision V5.21.1.0
Copyright (C) 2016 ARM Ltd and ARM Germany GmbH. All rights reserved.
License Information: ALIENTEK ALIENTEK, ALIENTEK, LIC=BL2X7-EW85C-WIJ5K-ZW2E3-TZ5PK-JUWBU
 
Tool Versions:
Toolchain:       MDK-ARM Professional  Version: 5.21a
Toolchain Path:  D:\MDK5\ARM\ARMCC\Bin
C Compiler:      Armcc.exe V5.06 update 3 (build 300)
Assembler:       Armasm.exe V5.06 update 3 (build 300)
Linker/Locator:  ArmLink.exe V5.06 update 3 (build 300)
Library Manager: ArmAr.exe V5.06 update 3 (build 300)
Hex Converter:   FromElf.exe V5.06 update 3 (build 300)
CPU DLL:         SARMCM3.DLL V5.21a
Dialog DLL:      DARMSTM.DLL V1.66.0.1
Target DLL:      STLink\ST-LINKIII-KEIL_SWO.dll V2.0.18.0
Dialog DLL:      TARMSTM.DLL V1.65.0.0
 
<h2>Project:</h2>
D:\360MoveData\Users\Administrator\Desktop\ALIENTEK MiniSTM32 实验4  外部中断实验\USER\test.uvprojx
Project File Date:  12/14/2017

<h2>Output:</h2>
*** Using Compiler 'V5.06 update 3 (build 300)', folder: 'D:\MDK5\ARM\ARMCC\Bin'
Build target 'Target 1'
compiling test.c...
..\HARDWARE\IR_SENSOR\ir_sensor.h(4): warning:  #1-D: last line of file ends without a newline
  #endif
test.c: 1 warning, 0 errors
compiling exti.c...
linking...
Program Size: Code=2952 RO-data=336 RW-data=8 ZI-data=1832  
FromELF: creating hex file...
"..\OBJ\test.axf" - 0 Error(s), 1 Warning(s).

<h2>Collection of Component include folders:</h2>
  D:\360MoveData\Users\Administrator\Desktop\ALIENTEK MiniSTM32 实验4  外部中断实验\USER\RTE
  D:\MDK5\ARM\PACK\Keil\STM32F1xx_DFP\2.2.0\Device\Include

<h2>Collection of Component Files used:</h2>
Build Time Elapsed:  00:00:02
</pre>
</body>
</html>
