<html>
<body>
<pre>
<h1>µVision Build Log</h1>
<h2>Tool Versions:</h2>
IDE-Version: ¦ÌVision V5.14.0.0
Copyright (C) 2015 ARM Ltd and ARM Germany GmbH. All rights reserved.
License Information: CAO zike, qq, LIC=Y2B12-9JJ34-LV51I-T4F1L-S74G6-5NRQ9
 
Tool Versions:
Toolchain:       MDK-ARM Professional  Version: 5.14.0.0
Toolchain Path:  D:\MDK5.14\ARM\ARMCC\Bin
C Compiler:      Armcc.exe V5.05 update 1 (build 106)
Assembler:       Armasm.exe V5.05 update 1 (build 106)
Linker/Locator:  ArmLink.exe V5.05 update 1 (build 106)
Library Manager: ArmAr.exe V5.05 update 1 (build 106)
Hex Converter:   FromElf.exe V5.05 update 1 (build 106)
CPU DLL:         SARMCM3.DLL V5.14.0.0
Dialog DLL:      DCM.DLL V1.13.1.0
Target DLL:      Segger\JL2CM3.dll V2.99.13.0
Dialog DLL:      TCM.DLL V1.14.4.0
 
<h2>Project:</h2>
D:\file\qq_file\STM32\STM32F4_CODE\USER\project_car\project_1.uvprojx
Project File Date:  02/24/2022

<h2>Output:</h2>
Build target 'Target 1'
compiling main.c...
src\bluetooth.h(4): warning:  #1295-D: Deprecated declaration debug_usart - give arg types
  void debug_usart();
src\main.c: 1 warning, 0 errors
linking...
Program Size: Code=2744 RO-data=424 RW-data=44 ZI-data=1636  
FromELF: creating hex file...
".\Objects\project_car.axf" - 0 Error(s), 1 Warning(s).

<h2>Collection of Component include folders:</h2>
  D:\file\qq_file\STM32\STM32F4_CODE\USER\project_car\RTE
  D:\MDK5.14\ARM\PACK\Keil\STM32F4xx_DFP\2.11.0

<h2>Collection of Component Files used:</h2>
</pre>
</body>
</html>
